# DR - 30/03/2023
# Notes for codespace ( opened in browser of course ! )

# After enabling the python env :
$ source ../venv3.10.4/bin/activate

# Lauching the project :
$ python -m manage.py runserver 127.0.0.1:8200

# IT WORKS !!! ( opened port on browser - native = same as codespace start - )
# the link gh codespace gives to it (did you see the space rocket !!!)
https://rdanf1-psychic-memory-6xwqjv7wq5h9rg-8200.preview.app.github.dev/

# other wise, with ssh X forwarded and good chrome package installed :
# Cf : ../tmp/google-chrome-stable_current_amd64.deb
$ google-chrome http://127.0.0.1:8200   ===> WORKS tambien ! LOL

# Config du debug / vscode de codespace
# I missed a point (after initiating my venv in ../venv.10.4)
# ISSUE : didn't configure my interpretor (dunno how to do this...)

# Python module use this default path :
/home/codespace/.python/current

# renamed
/home/codespace/.python/current_
# hard linked my venv on it:
ln -s /workspaces/venv3.10.4 /home/codespace/.python/current
# => issue python program is linked on current...
# del link and copy python from current:
rm venv3.10.4/bin/python
cp /home/codespace/.python/current_/bin/python venv3.10.4/bin/python

# if you ddn't understand above verbose
# don't worry : I didn't either...
# THOUGH : IT WORKS IN DEBUG MODE !!!
# NB : json file is obscure : 
#      cant figure it out for modifying so called ${file}...

# Putting ../sh/ssh-agent.sh commands directly in ~/.bashrc
# => ok push manually from new Terminal

# All perfect but ( I knew IT ! )
[30/Mar/2023 14:32:26] "GET /favicon.ico HTTP/1.1" 404 2110


dq ça plante (port 8000 plus effectif)... 
Le retour json :
{"type":"https://tools.ietf.org/html/rfc7231#section-6.5.4","title":"Not Found","status":404,"traceId":"00-d491e60ac9f435158ffc5b9f0d39d7bf-c8a8af51b498aaf1-00"}


oh là là !!! (install pgadmin4 ici (ouvert port 80)) :
https://rdanf1-psychic-memory-6xwqjv7wwq5h9rg-80.preview.app.github.dev/pgadmin4/login?next=%2Fpgadmin4%2F
=> OK !!!

reference pgadmin4 on ubuntu : https://www.howtoforge.com/how-to-install-pgadmin-5-postgresql-ui-on-debian-11/

in brief :

$ sudo apt-get install postgresql
## non... $ sudo apt-get install postgresql-12-python3-multicorn  # utility ?!..

$ sudo service --status-all
$ sudo service postgresql start
$ sudo service apache2 start
$ sudo sudo -u postgres psql
ALTER USER postgres WITH PASSWORD 'strongpostgrespassword';

# add repo pgadmin4
echo "deb https://ftp.postgresql.org/pub/pgadmin/pgadmin4/apt/$(lsb_release -cs) pgadmin4 main"\
| sudo tee /etc/apt/sources.list.d/pgadmin4.list
# add gpg key
curl https://www.pgadmin.org/static/packages_pgadmin_org.pub | sudo apt-key add

sudo apt update

sudo apt install pgadmin4-web

sudo /usr/pgadmin4/bin/setup-web.sh

# check configuration of pgadmin4
$ cd /etc/apache2/conf-enabled/
$ cat pgadmin4.conf

sudo service apache2 start
sudo service postgresql start

# =>>>> le + dur est fait... ensuite 
1. ajouter port 80
2. Lancer le web du port 80 et 
3. sur l'invite apache2 placer la route /pgadmin4

NB : pas de browser.. 
(faut utiliser google-chrome en XForward ssh :
 $ google-chrome http://127.0.0.1/pgadmin4 )

OUF.... FINI !

Cf creation user & db avec pgadmin4 / postgresql
lien d'install : https://www.howtoforge.com/how-to-install-pgadmin-5-postgresql-ui-on-debian-11/

# Creation de l'app "backoffice"
$ python manage.py startapp backoffice

